[2026-05-03 18:00:32] action=editor_open result=success actor="source:1 name:MAZUS"
[2026-05-03 18:00:32] action=editor_preset_meta result=success actor="source:1 name:MAZUS"
[2026-05-03 18:00:39] action=backup_auto result=success actor="source:1 name:MAZUS" backup=20260503_180039_5740 reason=before_preset
[2026-05-03 18:00:39] action=preset_apply result=success actor="source:1 name:MAZUS" preset=apex
[2026-05-03 18:00:39] action=editor_preset_apply result=success actor="source:1 name:MAZUS" preset=apex
[2026-05-03 18:00:39] action=editor_preset_meta result=success actor="source:1 name:MAZUS"
[2026-05-03 18:00:39] action=editor_preset_meta result=success actor="source:1 name:MAZUS"
[2026-05-03 18:00:41] action=backup_auto result=success actor="source:1 name:MAZUS" backup=20260503_180041_5288 reason=before_editor_save
[2026-05-03 18:00:41] action=editor_save result=success actor="source:1 name:MAZUS"
[2026-05-03 18:01:37] action=editor_open result=success actor="source:1 name:MAZUS"
[2026-05-03 18:01:37] action=editor_preset_meta result=success actor="source:1 name:MAZUS"
[2026-05-03 18:05:04] action=editor_open result=success actor="source:1 name:MAZUS"
[2026-05-03 18:05:04] action=editor_preset_meta result=success actor="source:1 name:MAZUS"
[2026-05-03 18:05:14] action=backup_auto result=success actor="source:1 name:MAZUS" backup=20260503_180514_9045 reason=before_preset
[2026-05-03 18:05:14] action=preset_apply result=success actor="source:1 name:MAZUS" preset=apex
[2026-05-03 18:05:14] action=editor_preset_apply result=success actor="source:1 name:MAZUS" preset=apex
[2026-05-03 18:05:14] action=editor_preset_meta result=success actor="source:1 name:MAZUS"
[2026-05-03 18:05:14] action=editor_preset_meta result=success actor="source:1 name:MAZUS"
[2026-05-03 18:05:17] action=backup_auto result=success actor="source:1 name:MAZUS" backup=20260503_180517_9896 reason=before_editor_save
[2026-05-03 18:05:17] action=editor_save result=success actor="source:1 name:MAZUS"
[2026-05-03 18:05:22] action=editor_open result=success actor="source:1 name:MAZUS"
[2026-05-03 18:05:23] action=editor_preset_meta result=success actor="source:1 name:MAZUS"
[2026-05-03 18:06:29] action=backup_auto result=success actor="source:1 name:MAZUS" backup=20260503_180628_8917 reason=before_reset
[2026-05-03 18:06:29] action=reset_event result=success actor="source:1 name:MAZUS" module=all
[2026-05-03 18:06:42] action=editor_open result=success actor="source:1 name:MAZUS"
[2026-05-03 18:06:42] action=editor_preset_meta result=success actor="source:1 name:MAZUS"
[2026-05-03 18:06:44] action=backup_auto result=success actor="source:1 name:MAZUS" backup=20260503_180644_9750 reason=before_preset
[2026-05-03 18:06:44] action=preset_apply result=success actor="source:1 name:MAZUS" preset=apex
[2026-05-03 18:06:44] action=editor_preset_apply result=success actor="source:1 name:MAZUS" preset=apex
[2026-05-03 18:06:44] action=editor_preset_meta result=success actor="source:1 name:MAZUS"
[2026-05-03 18:06:44] action=editor_preset_meta result=success actor="source:1 name:MAZUS"
[2026-05-03 18:06:45] action=backup_auto result=success actor="source:1 name:MAZUS" backup=20260503_180645_3114 reason=before_editor_save
[2026-05-03 18:06:45] action=editor_save result=success actor="source:1 name:MAZUS"
[2026-05-03 18:08:45] action=editor_open result=success actor="source:1 name:MAZUS"
[2026-05-03 18:08:45] action=editor_preset_meta result=success actor="source:1 name:MAZUS"
[2026-05-03 18:08:47] action=backup_auto result=success actor="source:1 name:MAZUS" backup=20260503_180847_9736 reason=before_preset
[2026-05-03 18:08:47] action=preset_apply result=success actor="source:1 name:MAZUS" preset=apex
[2026-05-03 18:08:47] action=editor_preset_apply result=success actor="source:1 name:MAZUS" preset=apex
[2026-05-03 18:08:48] action=editor_preset_meta result=success actor="source:1 name:MAZUS"
[2026-05-03 18:08:48] action=editor_preset_meta result=success actor="source:1 name:MAZUS"
[2026-05-03 18:08:49] action=backup_auto result=success actor="source:1 name:MAZUS" backup=20260503_180849_1673 reason=before_editor_save
[2026-05-03 18:08:49] action=editor_save result=success actor="source:1 name:MAZUS"
[2026-05-03 18:09:13] action=editor_open result=success actor="source:1 name:MAZUS"
[2026-05-03 18:09:13] action=editor_preset_meta result=success actor="source:1 name:MAZUS"
[2026-05-03 18:13:37] action=editor_open result=success actor="source:1 name:MAZUS"
[2026-05-03 18:13:37] action=editor_preset_meta result=success actor="source:1 name:MAZUS"
[2026-05-03 18:13:42] action=backup_auto result=success actor="source:1 name:MAZUS" backup=20260503_181342_4383 reason=before_preset
[2026-05-03 18:13:42] action=preset_apply result=success actor="source:1 name:MAZUS" preset=apex
[2026-05-03 18:13:42] action=editor_preset_apply result=success actor="source:1 name:MAZUS" preset=apex
[2026-05-03 18:13:43] action=editor_preset_meta result=success actor="source:1 name:MAZUS"
[2026-05-03 18:13:43] action=editor_preset_meta result=success actor="source:1 name:MAZUS"
[2026-05-03 18:13:45] action=backup_auto result=success actor="source:1 name:MAZUS" backup=20260503_181345_8024 reason=before_editor_save
[2026-05-03 18:13:45] action=editor_save result=success actor="source:1 name:MAZUS"
[2026-05-03 18:29:57] action=editor_open result=success actor="source:1 name:MAZUS"
[2026-05-03 18:29:57] action=editor_preset_meta result=success actor="source:1 name:MAZUS"
[2026-05-03 18:30:13] action=backup_auto result=success actor="source:1 name:MAZUS" backup=20260503_183013_7780 reason=before_editor_save
[2026-05-03 18:30:13] action=editor_save result=success actor="source:1 name:MAZUS"
[2026-05-03 18:30:18] action=editor_open result=success actor="source:1 name:MAZUS"
[2026-05-03 18:30:18] action=editor_preset_meta result=success actor="source:1 name:MAZUS"
[2026-05-03 18:30:37] action=backup_auto result=success actor="source:1 name:MAZUS" backup=20260503_183037_5448 reason=before_editor_save
[2026-05-03 18:30:37] action=editor_save result=success actor="source:1 name:MAZUS"
[2026-05-03 18:30:41] action=editor_open result=success actor="source:1 name:MAZUS"
[2026-05-03 18:30:41] action=editor_preset_meta result=success actor="source:1 name:MAZUS"
[2026-05-03 18:31:14] action=backup_auto result=success actor="source:1 name:MAZUS" backup=20260503_183114_7910 reason=before_editor_save
[2026-05-03 18:31:14] action=editor_save result=success actor="source:1 name:MAZUS"
[2026-05-03 18:34:05] action=editor_open result=success actor="source:1 name:MAZUS"
[2026-05-03 18:34:05] action=editor_preset_meta result=success actor="source:1 name:MAZUS"
[2026-05-03 18:34:15] action=backup_auto result=success actor="source:1 name:MAZUS" backup=20260503_183415_3976 reason=before_editor_save
[2026-05-03 18:34:15] action=editor_save result=success actor="source:1 name:MAZUS"
[2026-05-03 18:34:25] action=editor_open result=success actor="source:1 name:MAZUS"
[2026-05-03 18:34:25] action=editor_preset_meta result=success actor="source:1 name:MAZUS"
[2026-05-03 18:34:32] action=backup_auto result=success actor="source:1 name:MAZUS" backup=20260503_183432_2408 reason=before_editor_save
[2026-05-03 18:34:32] action=editor_save result=success actor="source:1 name:MAZUS"
[2026-05-03 18:34:52] action=editor_open result=success actor="source:1 name:MAZUS"
[2026-05-03 18:34:52] action=editor_preset_meta result=success actor="source:1 name:MAZUS"
[2026-05-03 18:34:59] action=backup_auto result=success actor="source:1 name:MAZUS" backup=20260503_183459_5937 reason=before_editor_save
[2026-05-03 18:34:59] action=editor_save result=success actor="source:1 name:MAZUS"
[2026-05-03 18:35:02] action=editor_open result=success actor="source:1 name:MAZUS"
[2026-05-03 18:35:02] action=editor_preset_meta result=success actor="source:1 name:MAZUS"
[2026-05-03 18:35:04] action=backup_auto result=success actor="source:1 name:MAZUS" backup=20260503_183504_6979 reason=before_reset
[2026-05-03 18:35:04] action=reset_event result=success actor="source:1 name:MAZUS" module=all
[2026-05-03 18:36:12] action=editor_open result=success actor="source:1 name:MAZUS"
[2026-05-03 18:36:12] action=editor_preset_meta result=success actor="source:1 name:MAZUS"
[2026-05-03 18:36:23] action=backup_auto result=success actor="source:1 name:MAZUS" backup=20260503_183623_3405 reason=before_preset
[2026-05-03 18:36:23] action=preset_apply result=success actor="source:1 name:MAZUS" preset=apex
[2026-05-03 18:36:23] action=editor_preset_apply result=success actor="source:1 name:MAZUS" preset=apex
[2026-05-03 18:36:23] action=editor_preset_meta result=success actor="source:1 name:MAZUS"
[2026-05-03 18:36:23] action=editor_preset_meta result=success actor="source:1 name:MAZUS"
[2026-05-03 18:36:24] action=backup_auto result=success actor="source:1 name:MAZUS" backup=20260503_183624_8541 reason=before_editor_save
[2026-05-03 18:36:24] action=editor_save result=success actor="source:1 name:MAZUS"
[2026-05-03 18:36:37] action=editor_open result=success actor="source:1 name:MAZUS"
[2026-05-03 18:36:37] action=editor_preset_meta result=success actor="source:1 name:MAZUS"
[2026-05-03 18:37:07] action=backup_auto result=success actor="source:1 name:MAZUS" backup=20260503_183707_7348 reason=before_editor_save
[2026-05-03 18:37:07] action=editor_save result=success actor="source:1 name:MAZUS"
[2026-05-03 18:37:38] action=editor_open result=success actor="source:1 name:MAZUS"
[2026-05-03 18:37:38] action=editor_preset_meta result=success actor="source:1 name:MAZUS"
[2026-05-03 18:37:45] action=backup_auto result=success actor="source:1 name:MAZUS" backup=20260503_183745_0562 reason=before_editor_save
[2026-05-03 18:37:45] action=editor_save result=success actor="source:1 name:MAZUS"
[2026-05-03 18:37:59] action=editor_open result=success actor="source:1 name:MAZUS"
[2026-05-03 18:38:00] action=editor_preset_meta result=success actor="source:1 name:MAZUS"
[2026-05-03 18:38:04] action=backup_auto result=success actor="source:1 name:MAZUS" backup=20260503_183804_9213 reason=before_editor_save
[2026-05-03 18:38:04] action=editor_save result=success actor="source:1 name:MAZUS"
[2026-05-03 18:38:08] action=editor_open result=success actor="source:1 name:MAZUS"
[2026-05-03 18:38:08] action=editor_preset_meta result=success actor="source:1 name:MAZUS"
[2026-05-03 18:38:16] action=backup_auto result=success actor="source:1 name:MAZUS" backup=20260503_183816_8016 reason=before_editor_save
[2026-05-03 18:38:16] action=editor_save result=success actor="source:1 name:MAZUS"
[2026-05-03 19:10:19] action=editor_open result=success actor="source:1 name:MAZUS"
[2026-05-03 19:10:19] action=editor_preset_meta result=success actor="source:1 name:MAZUS"
[2026-05-03 19:10:31] action=backup_auto result=success actor="source:1 name:MAZUS" backup=20260503_191031_5724 reason=before_editor_save
[2026-05-03 19:10:31] action=editor_save result=success actor="source:1 name:MAZUS"
[2026-05-03 19:10:45] action=editor_open result=success actor="source:1 name:MAZUS"
[2026-05-03 19:10:45] action=editor_preset_meta result=success actor="source:1 name:MAZUS"
[2026-05-03 19:12:41] action=editor_open result=success actor="source:1 name:MAZUS"
[2026-05-03 19:12:42] action=editor_preset_meta result=success actor="source:1 name:MAZUS"
[2026-05-03 19:13:37] action=editor_open result=success actor="source:1 name:MAZUS"
[2026-05-03 19:13:37] action=editor_preset_meta result=success actor="source:1 name:MAZUS"
[2026-05-03 19:13:48] action=backup_auto result=success actor="source:1 name:MAZUS" backup=20260503_191348_1294 reason=before_editor_save
[2026-05-03 19:13:48] action=editor_save result=success actor="source:1 name:MAZUS"
[2026-05-03 19:13:58] action=editor_open result=success actor="source:1 name:MAZUS"
[2026-05-03 19:13:58] action=editor_preset_meta result=success actor="source:1 name:MAZUS"
[2026-05-03 19:14:02] action=backup_auto result=success actor="source:1 name:MAZUS" backup=20260503_191402_8164 reason=before_editor_save
[2026-05-03 19:14:02] action=editor_save result=success actor="source:1 name:MAZUS"
[2026-05-03 19:14:52] action=editor_open result=success actor="source:1 name:MAZUS"
[2026-05-03 19:14:52] action=editor_preset_meta result=success actor="source:1 name:MAZUS"
[2026-05-06 01:36:54] action=editor_open result=success actor="source:1 name:MAZUS"
[2026-05-06 01:36:54] action=editor_preset_meta result=success actor="source:1 name:MAZUS"
[2026-05-06 01:38:25] action=editor_open result=success actor="source:1 name:MAZUS"
[2026-05-06 01:38:25] action=editor_preset_meta result=success actor="source:1 name:MAZUS"
[2026-05-06 01:38:44] action=backup_auto result=success actor="source:1 name:MAZUS" backup=20260506_013844_2075 reason=before_editor_save
[2026-05-06 01:38:44] action=editor_save result=success actor="source:1 name:MAZUS"
[2026-05-06 01:38:50] action=editor_open result=success actor="source:1 name:MAZUS"
[2026-05-06 01:38:50] action=editor_preset_meta result=success actor="source:1 name:MAZUS"
[2026-05-06 01:39:02] action=backup_auto result=success actor="source:1 name:MAZUS" backup=20260506_013902_3458 reason=before_editor_save
[2026-05-06 01:39:02] action=editor_save result=success actor="source:1 name:MAZUS"
[2026-05-06 01:41:06] action=editor_open result=success actor="source:1 name:MAZUS"
[2026-05-06 01:41:06] action=editor_preset_meta result=success actor="source:1 name:MAZUS"
[2026-05-06 01:41:55] action=backup_auto result=success actor="source:1 name:MAZUS" backup=20260506_014155_0383 reason=before_editor_save
[2026-05-06 01:41:55] action=editor_save result=success actor="source:1 name:MAZUS"
[2026-05-06 01:42:31] action=editor_open result=success actor="source:1 name:MAZUS"
[2026-05-06 01:42:31] action=editor_preset_meta result=success actor="source:1 name:MAZUS"